I'm sorry, but errors were detected in your script. Please correct the
errors listed below, and try again.


File "game/script.rpy", line 146: expected 'image_name_component' not found.
    show {temp_show_command}
         ^

Ren'Py Version: Ren'Py 8.3.4.24120703
Mon Feb 24 12:40:45 2025
